// Jest Snapshot v1, https://goo.gl/fbAQLP

exports[`<PlanCard /> should match snapshot 1`] = `
<div>
  <div
    class="
relative h-full w-[18rem] md:w-[20.75rem] sm:w-full h-[32.125rem] text-white bg-no-repeat bg-contain lg:hover:-translate-y-6 lg:duration-300 lg:transition-all lg:ease-in-out
"
    style="background-image: url(http://cdn.com/photo-name.jpg);"
  >
    <div
      class="
flex h-full w-[18rem] max-w-[19rem] md:max-w-[20.75rem] flex-col items-center justify-center gap-10 text-center sm:w-[20.875rem] bg-gradient-2
"
    >
      <div
        class="
flex flex-col items-center
"
      >
        <h3
          class="
gap-2 text-6xl font-medium mb-10
"
        >
          Semanal
        </h3>
        <div
          class="
relative flex items-end justify-start gap-1 mt-5
"
        >
          <span
            class="
absolute -left-6 -top-2 justify-end font-medium text-base
"
          >
            R$
          </span>
          <p
            class="
text-7xl font-medium
"
          >
            9,99
            <span
              class="
justify-start p-1 text-lg lowercase
"
            >
              /
              Semanal
            </span>
          </p>
        </div>
      </div>
      <div
        class="
h-[2.875rem] w-[16rem] mt-3
"
      >
        <button
          class="flex items-center justify-center rounded-10 bg-primary font-bold text-secondary transition hover:text-primary hover:bg-transparent border-2 border-primary transition-color w-[16.188rem] text-2xl h-[2.875rem] "
        >
          Assine
        </button>
        <p
          class="
py-4 text-base text-sm
"
        >
          Renovação automática
        </p>
      </div>
    </div>
  </div>
</div>
`;
