// Jest Snapshot v1, https://goo.gl/fbAQLP

exports[`<Highlight /> Should match snapshot 1`] = `
<div>
  <div
    class="
relative 
flex 
items-center 
justify-center 
w-full 
max-w-screen 
gap-20 
lg:gap-14 
xl:gap-32 
px-4 
sm:px-8 
py-[3.75rem] 
mx-auto 
flex-col 
lg:flex-row
lg:even:flex-row-reverse

after:content-[\\"\\"] 
after:max-w-[55%]
after:absolute 
after:bg-primary 
after:bottom-0 
after:h-1 
after:w-3/5 
lg:after:w-4/5
after:even:left-0 
after:odd:right-0
after:last:hidden
"
    data-testid="highlight-container"
  >
    <div
      class="
text-white 
text-center 
lg:text-left 
max-w-md 
flex-1
"
    >
      <h2
        class="
text-4xl 
sm:text-6xl 
lg:text-7xl 
mb-4 
sm:mb-6 
font-bold
"
      >
        Title
      </h2>
      <p
        class="
text-base
lg:text-lg
text-gray-300
"
      >
        Text
      </p>
    </div>
    <div
      class="
box-border 
flex 
justify-center 
items-center 
max-w-[80%]
lg:max-w-[50%] 
xl:max-w-full
"
    >
      <img
        alt="Title"
        class="
w-full 
h-full
"
        src="http://cdn.com/photo-name.jpg"
      />
    </div>
  </div>
  <div
    class="
relative 
flex 
items-center 
justify-center 
w-full 
max-w-screen 
gap-20 
lg:gap-14 
xl:gap-32 
px-4 
sm:px-8 
py-[3.75rem] 
mx-auto 
flex-col 
lg:flex-row
lg:even:flex-row-reverse

after:content-[\\"\\"] 
after:max-w-[55%]
after:absolute 
after:bg-primary 
after:bottom-0 
after:h-1 
after:w-3/5 
lg:after:w-4/5
after:even:left-0 
after:odd:right-0
after:last:hidden
"
    data-testid="highlight-container"
  >
    <div
      class="
text-white 
text-center 
lg:text-left 
max-w-md 
flex-1
"
    >
      <h2
        class="
text-4xl 
sm:text-6xl 
lg:text-7xl 
mb-4 
sm:mb-6 
font-bold
"
      >
        Title2
      </h2>
      <p
        class="
text-base
lg:text-lg
text-gray-300
"
      >
        Text2
      </p>
    </div>
    <div
      class="
box-border 
flex 
justify-center 
items-center 
max-w-[80%]
lg:max-w-[50%] 
xl:max-w-full
"
    >
      <img
        alt="Title2"
        class="
w-full 
h-full
"
        src="http://cdn.com/photo2-name.jpg"
      />
    </div>
  </div>
  <div
    class="
relative 
flex 
items-center 
justify-center 
w-full 
max-w-screen 
gap-20 
lg:gap-14 
xl:gap-32 
px-4 
sm:px-8 
py-[3.75rem] 
mx-auto 
flex-col 
lg:flex-row
lg:even:flex-row-reverse

after:content-[\\"\\"] 
after:max-w-[55%]
after:absolute 
after:bg-primary 
after:bottom-0 
after:h-1 
after:w-3/5 
lg:after:w-4/5
after:even:left-0 
after:odd:right-0
after:last:hidden
"
    data-testid="highlight-container"
  >
    <div
      class="
text-white 
text-center 
lg:text-left 
max-w-md 
flex-1
"
    >
      <h2
        class="
text-4xl 
sm:text-6xl 
lg:text-7xl 
mb-4 
sm:mb-6 
font-bold
"
      >
        Title3
      </h2>
      <p
        class="
text-base
lg:text-lg
text-gray-300
"
      >
        Text3
      </p>
    </div>
    <div
      class="
box-border 
flex 
justify-center 
items-center 
max-w-[80%]
lg:max-w-[50%] 
xl:max-w-full
"
    >
      <img
        alt="Title3"
        class="
w-full 
h-full
"
        src="http://cdn.com/photo3-name.jpg"
      />
    </div>
  </div>
</div>
`;
