// Jest Snapshot v1, https://goo.gl/fbAQLP

exports[`<Input /> Should match snapshot 1`] = `
<div>
  <div
    class="
  box-border
  overflow-hidden
  max-h-max
  odd:rounded-t-[0.625rem]
  even:rounded-b-[0.625rem]
  even:border-t-0
  relative
  flex
  border
  bg-white
  border-solid 
  border-secondary 
  h-[2.875rem]
"
  >
    <input
      autocomplete="off"
      class="
  box-border
  outline-0
  overflow-hidden
  w-full
  absolute
  rounded
  bg-transparent
  transition-all
  duration-200
  ease-in-out
  pt-[16px]
  pl-[0.5rem]
  text-[1rem]
  leading-[1.1875rem]
  text-secondary
  bottom-[0.4rem]
"
      id="name"
      name="name"
      value=""
    />
    <label
      class="
            
  box-border
  overflow-hidden
  absolute
  text-gray-700
  p-2
  pointer-events-none 
  transition-all 
  duration-200 
  ease-in-out\\"

            top-1 text-[1.125rem] leading-[1.3125rem]
          "
      for="name"
    >
      Nome
    </label>
  </div>
</div>
`;
