// Jest Snapshot v1, https://goo.gl/fbAQLP

exports[`<Headline /> should match snapshot 1`] = `
<div>
  <div
    class="
relative flex flex-col  
"
  >
    <h5
      class="
  text-2xl font-bold sm:text-6xl  text-white   
} "
    >
      Hello
    </h5>
  </div>
</div>
`;
